10:19:04 [@astrojs/cloudflare] Enabling sessions with Cloudflare KV with the "SESSION" KV binding.
10:19:04 [@astrojs/cloudflare] If you see the error "Invalid binding `SESSION`" in your build output, you need to add the binding to your wrangler config file.
10:19:04 [WARN] Unsupported file type C:\Users\kshar\Documents\MINT\MINT_DevProjectsAndRepos\MintDeal2025update_Sept\mintdeals2025__FrontEnd\src\pages\stores.astro.backup found. Prefix filename with an underscore (`_`) to ignore.
10:19:05 [content] Syncing content
10:19:05 [content] Synced content
10:19:05 [types] Generated 364ms
10:19:05 [build] output: "static"
10:19:05 [build] mode: "server"
10:19:05 [build] directory: C:\Users\kshar\Documents\MINT\MINT_DevProjectsAndRepos\MintDeal2025update_Sept\mintdeals2025__FrontEnd\dist\
10:19:05 [build] adapter: @astrojs/cloudflare
10:19:05 [build] Collecting build info...
10:19:05 [build] âœ“ Completed in 801ms.
10:19:06 [build] Building server entrypoints...
10:19:19 [WARN] [vite] [33m[plugin vite:resolve] Automatically externalized node built-in module "node:fs/promises" imported from "node_modules\astro\dist\assets\utils\node\emitAsset.js". Consider adding it to environments.ssr.external if it is intended.[39m
10:19:19 [WARN] [vite] [33m[plugin vite:resolve] Automatically externalized node built-in module "node:path" imported from "node_modules\astro\dist\assets\utils\node\emitAsset.js". Consider adding it to environments.ssr.external if it is intended.[39m
10:19:19 [WARN] [vite] [33m[plugin vite:resolve] Automatically externalized node built-in module "node:url" imported from "node_modules\astro\dist\assets\utils\node\emitAsset.js". Consider adding it to environments.ssr.external if it is intended.[39m
10:19:20 [WARN] [vite] [33m[plugin vite:resolve] Automatically externalized node built-in module "node:path" imported from "node_modules\astro\dist\assets\utils\transformToPath.js". Consider adding it to environments.ssr.external if it is intended.[39m
10:19:20 [WARN] [vite] [33m[plugin vite:resolve] Automatically externalized node built-in module "node:crypto" imported from "node_modules\deterministic-object-hash\dist\index.js". Consider adding it to environments.ssr.external if it is intended.[39m
10:19:20 [WARN] [vite] [33m[plugin vite:resolve] Automatically externalized node built-in module "node:crypto" imported from " node:crypto?commonjs-external". Consider adding it to environments.ssr.external if it is intended.[39m
10:19:49 [vite] [32mâœ“ built in 42.69s[39m
10:19:49 [build] âœ“ Completed in 43.24s.

 building client (vite) 
10:19:52 [vite] transforming...
10:19:52 [vite] [32mâœ“[39m 7 modules transformed.
10:19:53 [WARN] [vite] [33mGenerated an empty chunk: "_id_.astro_astro_type_script_index_0_lang".[39m
10:19:53 [vite] rendering chunks...
10:19:53 [vite] computing gzip size...
10:19:53 [vite] [2mdist/[22m[36m_astro/stores.astro_astro_type_script_index_0_lang.DQXVXqzK.js  [39m[1m[2m5.84 kB[22m[1m[22m[2m â”‚ gzip: 2.04 kB[22m
10:19:53 [vite] [32mâœ“ built in 1.98s[39m

 prerendering static routes 
10:19:54 â–¶ src/pages/404.astro
10:19:54   â””â”€ /404.html (+2.26s) 
10:19:56 â–¶ src/pages/all-store-specials.astro
10:19:56   â””â”€ /all-store-specials/index.htmlğŸš€ Step 1: Fetching all Dutchie stores
âœ… Found 39 Dutchie stores
ğŸª Store: VENTURE 26 - ID: 729a2809-e762-4e2b-bf4b-d890997a2dbc
ğŸª Store: The Mint - Scottsdale - ID: 86441745-c533-4602-9264-f3a30db9753b
ğŸª Store: Cannabist - St. Augustine (Dispensary - Medical) - ID: e4f2821e-22c0-4b10-8076-1d46d4f3d98e
ğŸª Store: Cannabist - Bonita Springs (Dispensary - Medical) - ID: dd5fb390-f55b-4466-b3ce-946353e64e68
ğŸª Store: Encanto - ID: 0e29f035-ffee-446f-976f-3eb88c58c791
ğŸª Store: The Mint - Belmont - ID: 57959c70-9c21-4100-814d-53f3142fab75
ğŸª Store: Cannabist - Delray Beach (Dispensary - Medical) - ID: 40523bc5-bd9e-4378-b1bd-7a67de8c74e4
ğŸª Store: The Mint - Northern - ID: 1e30427d-d8db-4e60-84c8-8487d1d6bcd6
ğŸª Store: The Mint - Sandbox  - ID: b4e2f153-1728-495e-92b4-d65d6350cc24
ğŸª Store: Cannabist - Gainesville (Dispensary - Medical) - ID: 2d5c74f9-4964-46b9-bf97-033df499a6f8
ğŸª Store: The Mint - Sandbox - ID: fa5d0d98-5589-40b9-8b24-6552b81775f4
ğŸª Store: The Mint - New Buffalo - ID: cbc60e62-2182-40c1-a848-6dcf400fc08a
ğŸª Store: Cannabist - Brandon (Dispensary - Medical) - ID: 2deab348-904b-4c54-a91b-733494b7917e
ğŸª Store: Cannabist - Miami (Dispensary - Medical) - ID: 7ae1661e-bd8e-4a92-8990-e305d5ee5868
ğŸª Store: The Mint - 75th Ave - ID: f8dbdb94-7bea-4741-a3a9-6631d8430544
ğŸª Store: The Mint - Paradise - ID: dbc5deb8-6bbc-4edc-b4df-11d7b2964de0
ğŸª Store: Buckeye - Woodstock 1 - ID: b5f4110e-6eb8-428b-aaaa-b4271d5eb327
ğŸª Store: The Mint - El Mirage - ID: 1b81f825-ab2e-45c2-9ad7-add16236e95a
ğŸª Store: The Mint - Spring Valley - ID: 577553d7-7604-4f34-948c-ee123dfd79ce
ğŸª Store: Cannabist - Melbourne (Dispensary - Medical) - ID: 9fd1d10c-fcb8-46c9-8f26-61ba23c107f2
ğŸª Store: Cannabist - Orlando (Dispensary - Medical) - ID: 0897a987-5367-4ce8-95e5-dc67d1ddcab5
ğŸª Store: The Mint - Phoenix - ID: a4d8b494-b542-4f69-acb8-cf67d6a6c3aa
ğŸª Store: Cannabist - Longwood (Dispensary - Medical) - ID: 23d2be52-3ecd-4afa-b0af-7a1b1fffcac5
ğŸª Store: Cannabist - Jacksonville (Dispensary - Medical) - ID: 09c2d4e1-c7d9-4f16-b9d7-9d2ccedfaa7d
ğŸª Store: Cannabist - Cape Coral (Dispensary - Medical) - ID: 3f881bba-1e8c-43eb-acd6-9a5b6daeb171
ğŸª Store: Cannabist - Bradenton (Dispensary - Medical) - ID: f7f346e9-1ba8-4e9a-9a5f-30d67c38bc7e
ğŸª Store: Cannabist - Sarasota (Dispensary - Medical) - ID: 4cefd7a2-4f63-4471-b5b5-5c297729f4e9
ğŸª Store: Cannabist - Stuart (Dispensary - Medical) - ID: 1115f296-29a1-4c8a-8c6d-6b628885f6da
ğŸª Store: The Mint - Tempe - ID: 92fd0875-cc39-479b-9fbd-0a7db947c694
ğŸª Store: The Mint - Coldwater - ID: 80b86ddb-672e-4fcc-adf1-b6ebe7e9927f
ğŸª Store: The Mint - Roseville - ID: 5c49a3be-6547-4dd0-975b-5644bc07d8c6
ğŸª Store: The Mint - Willowbrook - ID: a3d2eecc-1703-4aae-bb52-3c6b133c0a9f
ğŸª Store: The Mint - Monroe - ID: 3b42b782-5bae-495b-a6cf-8cd0fd699658
ğŸª Store: The Mint - Portage - ID: ff7a275b-251c-464a-93c2-de4b454cf265
ğŸª Store: The Mint - Mount Pleasant - ID: df1699aa-3723-4879-afdb-d56e477c61e7
ğŸª Store: The Mint - St Peters - ID: 291668b2-d112-4284-a8a8-90a69c1de294
ğŸª Store: The Mint - Oxford - ID: 18daa181-5b1d-4339-951b-4e487eb2196b
ğŸª Store: The Mint - Kalamazoo - ID: 660d73ec-635f-437b-b064-a602623e4684
ğŸª Store: The Mint - Mesa  - ID: 242ef5f9-5fc9-41ef-bf44-5a7a4a2954a9
ğŸš€ Step 2: Fetching specials for each store...
ğŸ” Fetching specials for VENTURE 26 (ID: 729a2809-e762-4e2b-bf4b-d890997a2dbc)
ğŸ“ No special products found at VENTURE 26
ğŸ” Fetching specials for The Mint - Scottsdale (ID: 86441745-c533-4602-9264-f3a30db9753b)
âœ… Found 5 special products at The Mint - Scottsdale
ğŸ” Fetching specials for Cannabist - St. Augustine (Dispensary - Medical) (ID: e4f2821e-22c0-4b10-8076-1d46d4f3d98e)
ğŸ“ No special products found at Cannabist - St. Augustine (Dispensary - Medical)
ğŸ” Fetching specials for Cannabist - Bonita Springs (Dispensary - Medical) (ID: dd5fb390-f55b-4466-b3ce-946353e64e68)
ğŸ“ No special products found at Cannabist - Bonita Springs (Dispensary - Medical)
ğŸ” Fetching specials for Encanto (ID: 0e29f035-ffee-446f-976f-3eb88c58c791)
ğŸ“ No special products found at Encanto
ğŸ” Fetching specials for The Mint - Belmont (ID: 57959c70-9c21-4100-814d-53f3142fab75)
ğŸ“ No special products found at The Mint - Belmont
ğŸ” Fetching specials for Cannabist - Delray Beach (Dispensary - Medical) (ID: 40523bc5-bd9e-4378-b1bd-7a67de8c74e4)
ğŸ“ No special products found at Cannabist - Delray Beach (Dispensary - Medical)
ğŸ” Fetching specials for The Mint - Northern (ID: 1e30427d-d8db-4e60-84c8-8487d1d6bcd6)
âœ… Found 4 special products at The Mint - Northern
ğŸ” Fetching specials for The Mint - Sandbox  (ID: b4e2f153-1728-495e-92b4-d65d6350cc24)
ğŸ“ No special products found at The Mint - Sandbox 
ğŸ” Fetching specials for Cannabist - Gainesville (Dispensary - Medical) (ID: 2d5c74f9-4964-46b9-bf97-033df499a6f8)
ğŸ“ No special products found at Cannabist - Gainesville (Dispensary - Medical)
ğŸ” Fetching specials for The Mint - Sandbox (ID: fa5d0d98-5589-40b9-8b24-6552b81775f4)
ğŸ“ No special products found at The Mint - Sandbox
ğŸ” Fetching specials for The Mint - New Buffalo (ID: cbc60e62-2182-40c1-a848-6dcf400fc08a)
ğŸ“ No special products found at The Mint - New Buffalo
ğŸ” Fetching specials for Cannabist - Brandon (Dispensary - Medical) (ID: 2deab348-904b-4c54-a91b-733494b7917e)
ğŸ“ No special products found at Cannabist - Brandon (Dispensary - Medical)
ğŸ” Fetching specials for Cannabist - Miami (Dispensary - Medical) (ID: 7ae1661e-bd8e-4a92-8990-e305d5ee5868)
ğŸ“ No special products found at Cannabist - Miami (Dispensary - Medical)
ğŸ” Fetching specials for The Mint - 75th Ave (ID: f8dbdb94-7bea-4741-a3a9-6631d8430544)
âœ… Found 3 special products at The Mint - 75th Ave
ğŸ” Fetching specials for The Mint - Paradise (ID: dbc5deb8-6bbc-4edc-b4df-11d7b2964de0)
âœ… Found 9 special products at The Mint - Paradise
ğŸ” Fetching specials for Buckeye - Woodstock 1 (ID: b5f4110e-6eb8-428b-aaaa-b4271d5eb327)
âœ… Found 16 special products at Buckeye - Woodstock 1
ğŸ” Fetching specials for The Mint - El Mirage (ID: 1b81f825-ab2e-45c2-9ad7-add16236e95a)
âœ… Found 6 special products at The Mint - El Mirage
ğŸ” Fetching specials for The Mint - Spring Valley (ID: 577553d7-7604-4f34-948c-ee123dfd79ce)
âœ… Found 13 special products at The Mint - Spring Valley
ğŸ” Fetching specials for Cannabist - Melbourne (Dispensary - Medical) (ID: 9fd1d10c-fcb8-46c9-8f26-61ba23c107f2)
ğŸ“ No special products found at Cannabist - Melbourne (Dispensary - Medical)
ğŸ” Fetching specials for Cannabist - Orlando (Dispensary - Medical) (ID: 0897a987-5367-4ce8-95e5-dc67d1ddcab5)
ğŸ“ No special products found at Cannabist - Orlando (Dispensary - Medical)
ğŸ” Fetching specials for The Mint - Phoenix (ID: a4d8b494-b542-4f69-acb8-cf67d6a6c3aa)
âœ… Found 12 special products at The Mint - Phoenix
ğŸ” Fetching specials for Cannabist - Longwood (Dispensary - Medical) (ID: 23d2be52-3ecd-4afa-b0af-7a1b1fffcac5)
ğŸ“ No special products found at Cannabist - Longwood (Dispensary - Medical)
ğŸ” Fetching specials for Cannabist - Jacksonville (Dispensary - Medical) (ID: 09c2d4e1-c7d9-4f16-b9d7-9d2ccedfaa7d)
ğŸ“ No special products found at Cannabist - Jacksonville (Dispensary - Medical)
ğŸ” Fetching specials for Cannabist - Cape Coral (Dispensary - Medical) (ID: 3f881bba-1e8c-43eb-acd6-9a5b6daeb171)
ğŸ“ No special products found at Cannabist - Cape Coral (Dispensary - Medical)
ğŸ” Fetching specials for Cannabist - Bradenton (Dispensary - Medical) (ID: f7f346e9-1ba8-4e9a-9a5f-30d67c38bc7e)
ğŸ“ No special products found at Cannabist - Bradenton (Dispensary - Medical)
ğŸ” Fetching specials for Cannabist - Sarasota (Dispensary - Medical) (ID: 4cefd7a2-4f63-4471-b5b5-5c297729f4e9)
ğŸ“ No special products found at Cannabist - Sarasota (Dispensary - Medical)
ğŸ” Fetching specials for Cannabist - Stuart (Dispensary - Medical) (ID: 1115f296-29a1-4c8a-8c6d-6b628885f6da)
ğŸ“ No special products found at Cannabist - Stuart (Dispensary - Medical)
ğŸ” Fetching specials for The Mint - Tempe (ID: 92fd0875-cc39-479b-9fbd-0a7db947c694)
âœ… Found 4 special products at The Mint - Tempe
ğŸ” Fetching specials for The Mint - Coldwater (ID: 80b86ddb-672e-4fcc-adf1-b6ebe7e9927f)
ğŸ“ No special products found at The Mint - Coldwater
ğŸ” Fetching specials for The Mint - Roseville (ID: 5c49a3be-6547-4dd0-975b-5644bc07d8c6)
âœ… Found 12 special products at The Mint - Roseville
ğŸ” Fetching specials for The Mint - Willowbrook (ID: a3d2eecc-1703-4aae-bb52-3c6b133c0a9f)
âœ… Found 4 special products at The Mint - Willowbrook
ğŸ” Fetching specials for The Mint - Monroe (ID: 3b42b782-5bae-495b-a6cf-8cd0fd699658)
ğŸ“ No special products found at The Mint - Monroe
ğŸ” Fetching specials for The Mint - Portage (ID: ff7a275b-251c-464a-93c2-de4b454cf265)
âœ… Found 3 special products at The Mint - Portage
ğŸ” Fetching specials for The Mint - Mount Pleasant (ID: df1699aa-3723-4879-afdb-d56e477c61e7)
ğŸ“ No special products found at The Mint - Mount Pleasant
ğŸ” Fetching specials for The Mint - St Peters (ID: 291668b2-d112-4284-a8a8-90a69c1de294)
âœ… Found 3 special products at The Mint - St Peters
ğŸ” Fetching specials for The Mint - Oxford (ID: 18daa181-5b1d-4339-951b-4e487eb2196b)
ğŸ“ No special products found at The Mint - Oxford
ğŸ” Fetching specials for The Mint - Kalamazoo (ID: 660d73ec-635f-437b-b064-a602623e4684)
âœ… Found 1 special products at The Mint - Kalamazoo
ğŸ” Fetching specials for The Mint - Mesa  (ID: 242ef5f9-5fc9-41ef-bf44-5a7a4a2954a9)
âœ… Found 7 special products at The Mint - Mesa 
ğŸ¯ Final Results: 15 stores with specials, 102 total special products
 (+4.98s) 
10:20:02 â–¶ src/pages/categories.astro
10:20:02   â””â”€ /categories/index.htmlğŸš€ Fetching product categories from Railway API
âœ… Categories loaded: 10
Category: THC Edibles, Image URL: https://res.cloudinary.com/dcltaajwj/image/upload/v1759851344/mintdeals/large_20250930_1527_Floating_Cannabis_Edibles_simple_compose_01k6ebs9c7fztaa8tvq3bhgdy1_e8b2963fee.png
Category: Cannabis Capsules and Tablets, Image URL: https://res.cloudinary.com/dcltaajwj/image/upload/v1759852070/mintdeals/large_20250930_1500_Cannabis_Capsules_in_Motion_simple_compose_01k6ea6tvxf3xansn7wad96r7j_e12af40541.png
Category: Tinctures, Image URL: null
Category: Topicals, Image URL: null
Category: Flower, Image URL: https://res.cloudinary.com/dcltaajwj/image/upload/v1759532498/mintdeals/large_20250930_1524_Floating_Cannabis_Blossoms_simple_compose_01k6ebk5p8fxqbn44jgtfy0mhg_73ce40d66f.png
Category: THC Vapes and Cartridges, Image URL: https://res.cloudinary.com/dcltaajwj/image/upload/v1759852807/mintdeals/large_20250930_1540_Dynamic_Vapes_in_Motion_simple_compose_01k6ecfzj8e53btz0fvjxc3qnm_32c4c44319.png
Category: Cannabis Concentrates, Image URL: https://res.cloudinary.com/dcltaajwj/image/upload/v1759853243/mintdeals/large_20250930_1513_Cannabis_Concentrates_in_Motion_simple_compose_01k6eayfs1fgnrcqwhwy5fkppv_73ab53e771.png
Category: Sativa, Image URL: https://res.cloudinary.com/dcltaajwj/image/upload/v1759854235/mintdeals/large_20250930_1524_Floating_Cannabis_Nugs_simple_compose_01k6ebjgj4f1pstdnmhf01w3wx_f30267acd8.png
Category: Indica, Image URL: https://res.cloudinary.com/dcltaajwj/image/upload/v1759856135/mintdeals/thumbnail_download_1_47f4a184be.jpg
Category: Cannabis Hybrid, Image URL: https://res.cloudinary.com/dcltaajwj/image/upload/v1759857089/mintdeals/thumbnail_download_2_c088715109.jpg
 (+1.50s) 
10:20:03 â–¶ src/pages/dosage-guide.astro
10:20:03   â””â”€ /dosage-guide/index.htmlğŸš€ Fetching dosage data from Strapi
âŒ Dosage Guide error: {
  data: null,
  error: {
    status: 404,
    name: 'NotFoundError',
    message: 'Not Found',
    details: {}
  }
}
âŒ Dosage Products error: {
  data: null,
  error: {
    status: 404,
    name: 'NotFoundError',
    message: 'Not Found',
    details: {}
  }
}
 (+590ms) 
10:20:04 â–¶ src/pages/dosing-guide.astro
10:20:04   â””â”€ /dosing-guide/index.htmlğŸš€ Fetching dosing data from API
âœ… Dosing products loaded: 2
âœ… Dosage forms loaded: 2
âŒ Failed to fetch dosing ingredients
Ingredients error: {
  data: null,
  error: {
    status: 404,
    name: 'NotFoundError',
    message: 'Not Found',
    details: {}
  }
}
 (+459ms) 
10:20:05 â–¶ src/pages/northern-specials.astro
10:20:05   â””â”€ /northern-specials/index.htmlğŸš€ Fetching stores to find Northern store Dutchie ID
ğŸª Found Northern store: Mint Cannabis Northern Phoenix
ğŸ” Northern store Dutchie ID: undefined
ğŸ—‚ï¸ Northern store fields: [
  'id',             'documentId',
  'name',           'slug',
  'store_code',     'phone',
  'email',          'timezone',
  'is_active',      'pos_location_id',
  'menu_url',       'online_ordering_url',
  'createdAt',      'updatedAt',
  'publishedAt',    'locale',
  'LicenseNumber',  'isMedical',
  'isRecreational', 'hasCafe',
  'DutchieStoreID', 'region',
  'address',        'geo',
  'services',       'amenities',
  'hours',          'hour_exceptions',
  'hero_media',     'gallery',
  'cta_blocks',     'seo',
  'localizations'
]
âœ… Stores loaded: 32
âŒ No Northern store Dutchie ID found, using fallback data
 (+1.05s) 
10:20:06 â–¶ src/pages/region/[slug].astro
10:20:06   â”œâ”€ /region/missouri/index.html (+707ms) 
10:20:06   â”œâ”€ /region/illinois/index.html (+495ms) 
10:20:07   â”œâ”€ /region/florida/index.html (+1.67s) 
10:20:09   â”œâ”€ /region/arizona/index.html (+965ms) 
10:20:10   â”œâ”€ /region/michigan/index.html (+832ms) 
10:20:10   â””â”€ /region/nevada/index.html (+1.05s) 
10:20:12 â–¶ src/pages/regions.astro
10:20:12   â””â”€ /regions/index.htmlğŸš€ Fetching stores, regions and categories from Railway API
âœ… Regions loaded: 6
âœ… Stores loaded: 32
âœ… Categories loaded: 10
âœ… Regions with stores: 5
 (+767ms) 
10:20:12 â–¶ src/pages/specials.astro
10:20:12   â””â”€ /specials/index.htmlğŸš€ Fetching stores to get Dutchie retailer IDs
âœ… Stores loaded: 32
ğŸª Dutchie retailer IDs found: 0
âš ï¸ No Dutchie retailer IDs found in stores, trying with enterprise ID
ğŸš€ Fetching special products from Dutchie API
ğŸ” Request body: {
  "query": "\n  query GetSpecialProducts($retailerId: ID!) {\n    menu(retailerId: $retailerId) {\n      products {\n        id\n        name\n        brand {\n          name\n        }\n        category\n        subcategory\n        image\n        description\n        potencyCbd {\n          formatted\n        }\n        potencyThc {\n          formatted\n        }\n        variants {\n          id\n          option\n          priceRec\n          specialPriceRec\n          quantity\n        }\n      }\n    }\n  }\n",
  "variables": {
    "retailerId": "4586dffd-5f91-4e1f-898a-bf23324830c1"
  }
}
ğŸ“¡ Response status: 200
ğŸ“¡ Response body: {"errors":[{"message":"Not Found","locations":[{"line":3,"column":5}],"path":["menu"],"extensions":{"code":"BAD_USER_INPUT"}}],"data":{"menu":null}}

âŒ GraphQL Errors: [
  {
    message: 'Not Found',
    locations: [ [Object] ],
    path: [ 'menu' ],
    extensions: { code: 'BAD_USER_INPUT' }
  }
]
ğŸ”„ Using fallback data due to GraphQL errors
âŒ Error fetching special products: Error: GraphQL Error: Using fallback data
    at file:///C:/Users/kshar/Documents/MINT/MINT_DevProjectsAndRepos/MintDeal2025update_Sept/mintdeals2025__FrontEnd/dist/_worker.js/pages/specials.astro.mjs?time=1759857612865:118:15
    at process.processTicksAndRejections (node:internal/process/task_queues:105:5)
    at async callComponentAsTemplateResultOrResponse (file:///C:/Users/kshar/Documents/MINT/MINT_DevProjectsAndRepos/MintDeal2025update_Sept/mintdeals2025__FrontEnd/node_modules/astro/dist/runtime/server/render/astro/render.js:91:25)
    at async renderToAsyncIterable (file:///C:/Users/kshar/Documents/MINT/MINT_DevProjectsAndRepos/MintDeal2025update_Sept/mintdeals2025__FrontEnd/node_modules/astro/dist/runtime/server/render/astro/render.js:133:26)
    at async renderPage (file:///C:/Users/kshar/Documents/MINT/MINT_DevProjectsAndRepos/MintDeal2025update_Sept/mintdeals2025__FrontEnd/node_modules/astro/dist/runtime/server/render/page.js:36:24)
    at async lastNext (file:///C:/Users/kshar/Documents/MINT/MINT_DevProjectsAndRepos/MintDeal2025update_Sept/mintdeals2025__FrontEnd/node_modules/astro/dist/core/render-context.js:201:25)
    at async callMiddleware (file:///C:/Users/kshar/Documents/MINT/MINT_DevProjectsAndRepos/MintDeal2025update_Sept/mintdeals2025__FrontEnd/node_modules/astro/dist/core/middleware/callMiddleware.js:11:10)
    at async RenderContext.render (file:///C:/Users/kshar/Documents/MINT/MINT_DevProjectsAndRepos/MintDeal2025update_Sept/mintdeals2025__FrontEnd/node_modules/astro/dist/core/render-context.js:235:22)
    at async generatePath (file:///C:/Users/kshar/Documents/MINT/MINT_DevProjectsAndRepos/MintDeal2025update_Sept/mintdeals2025__FrontEnd/node_modules/astro/dist/core/build/generate.js:355:16)
    at async generatePathWithLogs (file:///C:/Users/kshar/Documents/MINT/MINT_DevProjectsAndRepos/MintDeal2025update_Sept/mintdeals2025__FrontEnd/node_modules/astro/dist/core/build/generate.js:158:21)
 (+7.27s) 
10:20:20 â–¶ src/pages/stores/[id].astro
Error fetching stores for static paths: Error: HTTP error! status: 500
    at StrapiClient.fetchApi (file:///C:/Users/kshar/Documents/MINT/MINT_DevProjectsAndRepos/MintDeal2025update_Sept/mintdeals2025__FrontEnd/dist/_worker.js/chunks/strapi_CNMu4yej.mjs:18:13)
    at process.processTicksAndRejections (node:internal/process/task_queues:105:5)
    at async StrapiClient.getMany (file:///C:/Users/kshar/Documents/MINT/MINT_DevProjectsAndRepos/MintDeal2025update_Sept/mintdeals2025__FrontEnd/dist/_worker.js/chunks/strapi_CNMu4yej.mjs:50:22)
    at async Module.getStaticPaths (file:///C:/Users/kshar/Documents/MINT/MINT_DevProjectsAndRepos/MintDeal2025update_Sept/mintdeals2025__FrontEnd/dist/_worker.js/pages/stores/_id_.astro.mjs?time=1759857620192:11:20)
    at async callGetStaticPaths (file:///C:/Users/kshar/Documents/MINT/MINT_DevProjectsAndRepos/MintDeal2025update_Sept/mintdeals2025__FrontEnd/node_modules/astro/dist/core/render/route-cache.js:29:17)
    at async getPathsForRoute (file:///C:/Users/kshar/Documents/MINT/MINT_DevProjectsAndRepos/MintDeal2025update_Sept/mintdeals2025__FrontEnd/node_modules/astro/dist/core/build/generate.js:212:25)
    at async generatePage (file:///C:/Users/kshar/Documents/MINT/MINT_DevProjectsAndRepos/MintDeal2025update_Sept/mintdeals2025__FrontEnd/node_modules/astro/dist/core/build/generate.js:180:19)
    at async generatePages (file:///C:/Users/kshar/Documents/MINT/MINT_DevProjectsAndRepos/MintDeal2025update_Sept/mintdeals2025__FrontEnd/node_modules/astro/dist/core/build/generate.js:92:9)
    at async staticBuild (file:///C:/Users/kshar/Documents/MINT/MINT_DevProjectsAndRepos/MintDeal2025update_Sept/mintdeals2025__FrontEnd/node_modules/astro/dist/core/build/static-build.js:89:5)
    at async AstroBuilder.build (file:///C:/Users/kshar/Documents/MINT/MINT_DevProjectsAndRepos/MintDeal2025update_Sept/mintdeals2025__FrontEnd/node_modules/astro/dist/core/build/index.js:154:5)
10:20:20 â–¶ src/pages/stores.astro
10:20:20   â””â”€ /stores/index.htmlğŸš€ Fetching stores and regions from API
âœ… Regions loaded: 6
âœ… Stores loaded: 32
ğŸ“Š Store regions: [
  {
    name: 'Mint Cannabis - St. Peters Dispensary',
    regionId: undefined,
    regionName: undefined
  },
  {
    name: 'Mint Cannabis Monroe MI Dispensary',
    regionId: 14,
    regionName: 'Michigan'
  },
  {
    name: 'Mint Cannabis 75th Ave Phoenix',
    regionId: 13,
    regionName: 'Arizona'
  },
  {
    name: 'Mint Cannabis Scottsdale',
    regionId: undefined,
    regionName: undefined
  },
  {
    name: 'Mint Cannabis Buckeye',
    regionId: 13,
    regionName: 'Arizona'
  },
  {
    name: 'Mint Cannabis Las Vegas Strip Dispensary',
    regionId: 15,
    regionName: 'Nevada'
  },
  {
    name: 'Mint Cannabis El Mirage',
    regionId: undefined,
    regionName: undefined
  },
  {
    name: 'Mint Cannabis West Las Vegas Dispensary',
    regionId: 15,
    regionName: 'Nevada'
  },
  {
    name: 'Mint Cannabis Phoenix',
    regionId: undefined,
    regionName: undefined
  },
  {
    name: 'Mint Cannabis Tempe',
    regionId: undefined,
    regionName: undefined
  },
  {
    name: 'Mint Cannabis Coldwater MI Dispensary',
    regionId: 14,
    regionName: 'Michigan'
  },
  {
    name: 'Mint Cannabis Portage MI Dispensary',
    regionId: 14,
    regionName: 'Michigan'
  },
  {
    name: 'Mint Cannabis Kalamazoo MI Dispensary',
    regionId: 14,
    regionName: 'Michigan'
  },
  { name: 'Mint Cannabis Mesa', regionId: 13, regionName: 'Arizona' },
  {
    name: 'Mint Cannabis New Buffalo MI Dispensary',
    regionId: 14,
    regionName: 'Michigan'
  },
  {
    name: 'Mint Cannabis Bradenton FL Dispensary',
    regionId: undefined,
    regionName: undefined
  },
  {
    name: 'Mint Cannabis Cape Coral FL Dispensary',
    regionId: undefined,
    regionName: undefined
  },
  {
    name: 'Mint Cannabis Delray Beach FL Dispensary',
    regionId: undefined,
    regionName: undefined
  },
  {
    name: 'Mint Cannabis Gainesville FL Dispensary',
    regionId: undefined,
    regionName: undefined
  },
  {
    name: 'Mint Cannabis Jacksonville FL Dispensary',
    regionId: undefined,
    regionName: undefined
  },
  {
    name: 'Mint Cannabis Longwood FL Dispensary',
    regionId: undefined,
    regionName: undefined
  },
  {
    name: 'Mint Cannabis Melbourne FL Dispensary',
    regionId: undefined,
    regionName: undefined
  },
  {
    name: 'Mint Cannabis Miami FL Dispensary',
    regionId: undefined,
    regionName: undefined
  },
  {
    name: 'Mint Cannabis  Orlando FL Dispensary',
    regionId: undefined,
    regionName: undefined
  },
  {
    name: 'Mint Cannabis Sarasota FL Dispensary',
    regionId: undefined,
    regionName: undefined
  },
  {
    name: 'Mint Cannabis St. Augustine FL Dispensary',
    regionId: undefined,
    regionName: undefined
  },
  {
    name: 'Mint Cannabis Stuart FL Dispensary',
    regionId: undefined,
    regionName: undefined
  },
  {
    name: 'Mint Cannabis Roseville MI Dispensary',
    regionId: 14,
    regionName: 'Michigan'
  },
  {
    name: 'Mint Cannabis Bonita Springs FL Dispensary',
    regionId: 12,
    regionName: 'Florida'
  },
  {
    name: 'Mint Cannabis Northern Phoenix',
    regionId: undefined,
    regionName: undefined
  },
  {
    name: 'Mint Cannabis Brandon FL Dispensary',
    regionId: undefined,
    regionName: undefined
  },
  {
    name: 'Mint Cannabis - Willowbrook IL Dispensary',
    regionId: 8,
    regionName: 'Illinois'
  }
]
 (+1.16s) 
10:20:21 â–¶ src/pages/[category]/[slug].astro
10:20:21   â”œâ”€ /flower/flower-in-florida/index.htmlUsing fallback data for state-specific page
 (+720ms) 
10:20:22   â”œâ”€ /flower/flower-in-california/index.htmlUsing fallback data for state-specific page
 (+1.35s) 
10:20:23   â”œâ”€ /flower/flower-in-colorado/index.htmlUsing fallback data for state-specific page
 (+732ms) 
10:20:24   â”œâ”€ /flower/flower-in-nevada/index.htmlUsing fallback data for state-specific page
 (+720ms) 
10:20:25   â”œâ”€ /flower/flower-in-arizona/index.htmlUsing fallback data for state-specific page
 (+618ms) 
10:20:25   â”œâ”€ /flower/flower-in-new-york/index.htmlUsing fallback data for state-specific page
 (+497ms) 
10:20:26   â”œâ”€ /flower/flower-in-massachusetts/index.htmlUsing fallback data for state-specific page
 (+537ms) 
10:20:26   â”œâ”€ /flower/flower-in-michigan/index.htmlUsing fallback data for state-specific page
 (+632ms) 
10:20:27   â”œâ”€ /flower/flower-in-illinois/index.htmlUsing fallback data for state-specific page
 (+493ms) 
10:20:27   â”œâ”€ /flower/flower-in-oregon/index.htmlUsing fallback data for state-specific page
 (+374ms) 
10:20:28   â”œâ”€ /flower/flower-in-washington/index.htmlUsing fallback data for state-specific page
 (+438ms) 
10:20:28   â”œâ”€ /pre-rolls/pre-rolls-in-florida/index.htmlUsing fallback data for state-specific page
 (+377ms) 
10:20:28   â”œâ”€ /pre-rolls/pre-rolls-in-california/index.htmlUsing fallback data for state-specific page
 (+522ms) 
10:20:29   â”œâ”€ /pre-rolls/pre-rolls-in-colorado/index.htmlUsing fallback data for state-specific page
 (+414ms) 
10:20:29   â”œâ”€ /pre-rolls/pre-rolls-in-nevada/index.htmlUsing fallback data for state-specific page
 (+333ms) 
10:20:30   â”œâ”€ /pre-rolls/pre-rolls-in-arizona/index.htmlUsing fallback data for state-specific page
 (+641ms) 
10:20:30   â”œâ”€ /pre-rolls/pre-rolls-in-new-york/index.htmlUsing fallback data for state-specific page
 (+430ms) 
10:20:31   â”œâ”€ /pre-rolls/pre-rolls-in-massachusetts/index.htmlUsing fallback data for state-specific page
 (+462ms) 
10:20:31   â”œâ”€ /pre-rolls/pre-rolls-in-michigan/index.htmlUsing fallback data for state-specific page
 (+552ms) 
10:20:32   â”œâ”€ /pre-rolls/pre-rolls-in-illinois/index.htmlUsing fallback data for state-specific page
 (+583ms) 
10:20:32   â”œâ”€ /pre-rolls/pre-rolls-in-oregon/index.htmlUsing fallback data for state-specific page
 (+488ms) 
10:20:33   â”œâ”€ /pre-rolls/pre-rolls-in-washington/index.htmlUsing fallback data for state-specific page
 (+515ms) 
10:20:33   â”œâ”€ /vaporizers/vaporizers-in-florida/index.htmlUsing fallback data for state-specific page
 (+568ms) 
10:20:34   â”œâ”€ /vaporizers/vaporizers-in-california/index.htmlUsing fallback data for state-specific page
 (+1.75s) 
10:20:36   â”œâ”€ /vaporizers/vaporizers-in-colorado/index.htmlUsing fallback data for state-specific page
 (+859ms) 
10:20:37   â”œâ”€ /vaporizers/vaporizers-in-nevada/index.htmlUsing fallback data for state-specific page
 (+618ms) 
10:20:37   â”œâ”€ /vaporizers/vaporizers-in-arizona/index.htmlUsing fallback data for state-specific page
 (+385ms) 
10:20:38   â”œâ”€ /vaporizers/vaporizers-in-new-york/index.htmlUsing fallback data for state-specific page
 (+391ms) 
10:20:38   â”œâ”€ /vaporizers/vaporizers-in-massachusetts/index.htmlUsing fallback data for state-specific page
 (+612ms) 
10:20:39   â”œâ”€ /vaporizers/vaporizers-in-michigan/index.htmlUsing fallback data for state-specific page
 (+1.06s) 
10:20:40   â”œâ”€ /vaporizers/vaporizers-in-illinois/index.htmlUsing fallback data for state-specific page
 (+1.01s) 
10:20:41   â”œâ”€ /vaporizers/vaporizers-in-oregon/index.htmlUsing fallback data for state-specific page
 (+653ms) 
10:20:41   â”œâ”€ /vaporizers/vaporizers-in-washington/index.htmlUsing fallback data for state-specific page
 (+1.45s) 
10:20:43   â”œâ”€ /concentrates/concentrates-in-florida/index.htmlUsing fallback data for state-specific page
 (+712ms) 
10:20:44   â”œâ”€ /concentrates/concentrates-in-california/index.htmlUsing fallback data for state-specific page
 (+1.44s) 
10:20:45   â”œâ”€ /concentrates/concentrates-in-colorado/index.htmlUsing fallback data for state-specific page
 (+856ms) 
10:20:46   â”œâ”€ /concentrates/concentrates-in-nevada/index.htmlUsing fallback data for state-specific page
 (+588ms) 
10:20:46   â”œâ”€ /concentrates/concentrates-in-arizona/index.htmlUsing fallback data for state-specific page
 (+590ms) 
10:20:47   â”œâ”€ /concentrates/concentrates-in-new-york/index.htmlUsing fallback data for state-specific page
 (+374ms) 
10:20:47   â”œâ”€ /concentrates/concentrates-in-massachusetts/index.htmlUsing fallback data for state-specific page
 (+402ms) 
10:20:48   â”œâ”€ /concentrates/concentrates-in-michigan/index.htmlUsing fallback data for state-specific page
 (+429ms) 
10:20:48   â”œâ”€ /concentrates/concentrates-in-illinois/index.htmlUsing fallback data for state-specific page
 (+524ms) 
10:20:49   â”œâ”€ /concentrates/concentrates-in-oregon/index.htmlUsing fallback data for state-specific page
 (+720ms) 
10:20:49   â”œâ”€ /concentrates/concentrates-in-washington/index.htmlUsing fallback data for state-specific page
 (+560ms) 
10:20:50   â”œâ”€ /edibles/edibles-in-florida/index.htmlUsing fallback data for state-specific page
 (+451ms) 
10:20:50   â”œâ”€ /edibles/edibles-in-california/index.htmlUsing fallback data for state-specific page
 (+565ms) 
10:20:51   â”œâ”€ /edibles/edibles-in-colorado/index.htmlUsing fallback data for state-specific page
 (+331ms) 
10:20:51   â”œâ”€ /edibles/edibles-in-nevada/index.htmlUsing fallback data for state-specific page
 (+371ms) 
10:20:52   â”œâ”€ /edibles/edibles-in-arizona/index.htmlUsing fallback data for state-specific page
 (+333ms) 
10:20:52   â”œâ”€ /edibles/edibles-in-new-york/index.htmlUsing fallback data for state-specific page
 (+547ms) 
10:20:53   â”œâ”€ /edibles/edibles-in-massachusetts/index.htmlUsing fallback data for state-specific page
 (+1.01s) 
10:20:54   â”œâ”€ /edibles/edibles-in-michigan/index.htmlUsing fallback data for state-specific page
 (+726ms) 
10:20:54   â”œâ”€ /edibles/edibles-in-illinois/index.htmlUsing fallback data for state-specific page
 (+694ms) 
10:20:55   â”œâ”€ /edibles/edibles-in-oregon/index.htmlUsing fallback data for state-specific page
 (+890ms) 
10:20:56   â”œâ”€ /edibles/edibles-in-washington/index.htmlUsing fallback data for state-specific page
 (+424ms) 
10:20:56   â”œâ”€ /topicals/topicals-in-florida/index.htmlUsing fallback data for state-specific page
 (+365ms) 
10:20:57   â”œâ”€ /topicals/topicals-in-california/index.htmlUsing fallback data for state-specific page
 (+768ms) 
10:20:57   â”œâ”€ /topicals/topicals-in-colorado/index.htmlUsing fallback data for state-specific page
 (+465ms) 
10:20:58   â”œâ”€ /topicals/topicals-in-nevada/index.htmlUsing fallback data for state-specific page
 (+463ms) 
10:20:58   â”œâ”€ /topicals/topicals-in-arizona/index.htmlUsing fallback data for state-specific page
 (+608ms) 
10:20:59   â”œâ”€ /topicals/topicals-in-new-york/index.htmlUsing fallback data for state-specific page
 (+1.00s) 
10:21:00   â”œâ”€ /topicals/topicals-in-massachusetts/index.htmlUsing fallback data for state-specific page
 (+448ms) 
10:21:00   â”œâ”€ /topicals/topicals-in-michigan/index.htmlUsing fallback data for state-specific page
 (+415ms) 
10:21:01   â”œâ”€ /topicals/topicals-in-illinois/index.htmlUsing fallback data for state-specific page
 (+405ms) 
10:21:01   â”œâ”€ /topicals/topicals-in-oregon/index.htmlUsing fallback data for state-specific page
 (+325ms) 
10:21:02   â”œâ”€ /topicals/topicals-in-washington/index.htmlUsing fallback data for state-specific page
 (+1.55s) 
10:21:03   â”œâ”€ /cartridges/cartridges-in-florida/index.htmlUsing fallback data for state-specific page
 (+984ms) 
10:21:04   â”œâ”€ /cartridges/cartridges-in-california/index.htmlUsing fallback data for state-specific page
 (+736ms) 
10:21:05   â”œâ”€ /cartridges/cartridges-in-colorado/index.htmlUsing fallback data for state-specific page
 (+929ms) 
10:21:06   â”œâ”€ /cartridges/cartridges-in-nevada/index.htmlUsing fallback data for state-specific page
 (+875ms) 
10:21:07   â”œâ”€ /cartridges/cartridges-in-arizona/index.htmlUsing fallback data for state-specific page
 (+546ms) 
10:21:07   â”œâ”€ /cartridges/cartridges-in-new-york/index.htmlUsing fallback data for state-specific page
 (+383ms) 
10:21:08   â”œâ”€ /cartridges/cartridges-in-massachusetts/index.htmlUsing fallback data for state-specific page
 (+553ms) 
10:21:08   â”œâ”€ /cartridges/cartridges-in-michigan/index.htmlUsing fallback data for state-specific page
 (+1.11s) 
10:21:09   â”œâ”€ /cartridges/cartridges-in-illinois/index.htmlUsing fallback data for state-specific page
 (+471ms) 
10:21:10   â”œâ”€ /cartridges/cartridges-in-oregon/index.htmlUsing fallback data for state-specific page
 (+440ms) 
10:21:10   â””â”€ /cartridges/cartridges-in-washington/index.htmlUsing fallback data for state-specific page
 (+416ms) 
10:21:11 â–¶ src/pages/[category].astro
10:21:11   â”œâ”€ /thc-edibles/index.html (+413ms) 
10:21:11   â”œâ”€ /cannabis-capsules-and-tablets/index.html (+636ms) 
10:21:12   â”œâ”€ /tinctures/index.html (+667ms) 
10:21:13   â”œâ”€ /topicals/index.html (+1.06s) 
10:21:14   â”œâ”€ /flower/index.html (+602ms) 
10:21:14   â”œâ”€ /thc-vapes-and-cartridges/index.html (+827ms) 
10:21:15   â”œâ”€ /cannabis-concentrates/index.html (+820ms) 
10:21:16   â”œâ”€ /sativa/index.html (+870ms) 
10:21:17   â”œâ”€ /indica/index.html (+765ms) 
10:21:18   â””â”€ /cannabis-hybrid/index.html (+707ms) 
10:21:18 â–¶ src/pages/index.astro
10:21:18   â””â”€ /index.htmlğŸš€ Fetching stores and categories from API
âœ… Stores loaded: 32
Category: THC Edibles, Image URL: https://res.cloudinary.com/dcltaajwj/image/upload/v1759851344/mintdeals/large_20250930_1527_Floating_Cannabis_Edibles_simple_compose_01k6ebs9c7fztaa8tvq3bhgdy1_e8b2963fee.png, Raw image field: {"id":5,"documentId":"xh1das9hex5i7tde9k6ksbni","name":"20250930_1527_Floating Cannabis Edibles_simple_compose_01k6ebs9c7fztaa8tvq3bhgdy1.png","alternativeText":null,"caption":null,"width":1024,"height":1024,"formats":{"large":{"ext":".png","url":"https://res.cloudinary.com/dcltaajwj/image/upload/v1759851344/mintdeals/large_20250930_1527_Floating_Cannabis_Edibles_simple_compose_01k6ebs9c7fztaa8tvq3bhgdy1_e8b2963fee.png","hash":"large_20250930_1527_Floating_Cannabis_Edibles_simple_compose_01k6ebs9c7fztaa8tvq3bhgdy1_e8b2963fee","mime":"image/png","name":"large_20250930_1527_Floating Cannabis Edibles_simple_compose_01k6ebs9c7fztaa8tvq3bhgdy1.png","path":null,"size":1731.47,"width":1000,"height":1000,"sizeInBytes":1731472,"provider_metadata":{"public_id":"mintdeals/large_20250930_1527_Floating_Cannabis_Edibles_simple_compose_01k6ebs9c7fztaa8tvq3bhgdy1_e8b2963fee","resource_type":"image"}},"small":{"ext":".png","url":"https://res.cloudinary.com/dcltaajwj/image/upload/v1759851344/mintdeals/small_20250930_1527_Floating_Cannabis_Edibles_simple_compose_01k6ebs9c7fztaa8tvq3bhgdy1_e8b2963fee.png","hash":"small_20250930_1527_Floating_Cannabis_Edibles_simple_compose_01k6ebs9c7fztaa8tvq3bhgdy1_e8b2963fee","mime":"image/png","name":"small_20250930_1527_Floating Cannabis Edibles_simple_compose_01k6ebs9c7fztaa8tvq3bhgdy1.png","path":null,"size":429.06,"width":500,"height":500,"sizeInBytes":429059,"provider_metadata":{"public_id":"mintdeals/small_20250930_1527_Floating_Cannabis_Edibles_simple_compose_01k6ebs9c7fztaa8tvq3bhgdy1_e8b2963fee","resource_type":"image"}},"medium":{"ext":".png","url":"https://res.cloudinary.com/dcltaajwj/image/upload/v1759851344/mintdeals/medium_20250930_1527_Floating_Cannabis_Edibles_simple_compose_01k6ebs9c7fztaa8tvq3bhgdy1_e8b2963fee.png","hash":"medium_20250930_1527_Floating_Cannabis_Edibles_simple_compose_01k6ebs9c7fztaa8tvq3bhgdy1_e8b2963fee","mime":"image/png","name":"medium_20250930_1527_Floating Cannabis Edibles_simple_compose_01k6ebs9c7fztaa8tvq3bhgdy1.png","path":null,"size":993.62,"width":750,"height":750,"sizeInBytes":993623,"provider_metadata":{"public_id":"mintdeals/medium_20250930_1527_Floating_Cannabis_Edibles_simple_compose_01k6ebs9c7fztaa8tvq3bhgdy1_e8b2963fee","resource_type":"image"}},"thumbnail":{"ext":".png","url":"https://res.cloudinary.com/dcltaajwj/image/upload/v1759851343/mintdeals/thumbnail_20250930_1527_Floating_Cannabis_Edibles_simple_compose_01k6ebs9c7fztaa8tvq3bhgdy1_e8b2963fee.png","hash":"thumbnail_20250930_1527_Floating_Cannabis_Edibles_simple_compose_01k6ebs9c7fztaa8tvq3bhgdy1_e8b2963fee","mime":"image/png","name":"thumbnail_20250930_1527_Floating Cannabis Edibles_simple_compose_01k6ebs9c7fztaa8tvq3bhgdy1.png","path":null,"size":43.71,"width":156,"height":156,"sizeInBytes":43712,"provider_metadata":{"public_id":"mintdeals/thumbnail_20250930_1527_Floating_Cannabis_Edibles_simple_compose_01k6ebs9c7fztaa8tvq3bhgdy1_e8b2963fee","resource_type":"image"}}},"hash":"20250930_1527_Floating_Cannabis_Edibles_simple_compose_01k6ebs9c7fztaa8tvq3bhgdy1_e8b2963fee","ext":".png","mime":"image/png","size":609.02,"url":"https://res.cloudinary.com/dcltaajwj/image/upload/v1759851344/mintdeals/20250930_1527_Floating_Cannabis_Edibles_simple_compose_01k6ebs9c7fztaa8tvq3bhgdy1_e8b2963fee.png","previewUrl":null,"provider":"cloudinary","provider_metadata":{"public_id":"mintdeals/20250930_1527_Floating_Cannabis_Edibles_simple_compose_01k6ebs9c7fztaa8tvq3bhgdy1_e8b2963fee","resource_type":"image"},"createdAt":"2025-10-07T15:35:45.634Z","updatedAt":"2025-10-07T15:35:45.634Z","publishedAt":"2025-10-07T15:35:45.635Z"}
Category: Cannabis Capsules and Tablets, Image URL: https://res.cloudinary.com/dcltaajwj/image/upload/v1759852070/mintdeals/large_20250930_1500_Cannabis_Capsules_in_Motion_simple_compose_01k6ea6tvxf3xansn7wad96r7j_e12af40541.png, Raw image field: {"id":6,"documentId":"b729vn1burovy8ydy3xft70m","name":"20250930_1500_Cannabis Capsules in Motion_simple_compose_01k6ea6tvxf3xansn7wad96r7j.png","alternativeText":null,"caption":null,"width":1024,"height":1024,"formats":{"large":{"ext":".png","url":"https://res.cloudinary.com/dcltaajwj/image/upload/v1759852070/mintdeals/large_20250930_1500_Cannabis_Capsules_in_Motion_simple_compose_01k6ea6tvxf3xansn7wad96r7j_e12af40541.png","hash":"large_20250930_1500_Cannabis_Capsules_in_Motion_simple_compose_01k6ea6tvxf3xansn7wad96r7j_e12af40541","mime":"image/png","name":"large_20250930_1500_Cannabis Capsules in Motion_simple_compose_01k6ea6tvxf3xansn7wad96r7j.png","path":null,"size":1054.62,"width":1000,"height":1000,"sizeInBytes":1054620,"provider_metadata":{"public_id":"mintdeals/large_20250930_1500_Cannabis_Capsules_in_Motion_simple_compose_01k6ea6tvxf3xansn7wad96r7j_e12af40541","resource_type":"image"}},"small":{"ext":".png","url":"https://res.cloudinary.com/dcltaajwj/image/upload/v1759852070/mintdeals/small_20250930_1500_Cannabis_Capsules_in_Motion_simple_compose_01k6ea6tvxf3xansn7wad96r7j_e12af40541.png","hash":"small_20250930_1500_Cannabis_Capsules_in_Motion_simple_compose_01k6ea6tvxf3xansn7wad96r7j_e12af40541","mime":"image/png","name":"small_20250930_1500_Cannabis Capsules in Motion_simple_compose_01k6ea6tvxf3xansn7wad96r7j.png","path":null,"size":283.3,"width":500,"height":500,"sizeInBytes":283297,"provider_metadata":{"public_id":"mintdeals/small_20250930_1500_Cannabis_Capsules_in_Motion_simple_compose_01k6ea6tvxf3xansn7wad96r7j_e12af40541","resource_type":"image"}},"medium":{"ext":".png","url":"https://res.cloudinary.com/dcltaajwj/image/upload/v1759852070/mintdeals/medium_20250930_1500_Cannabis_Capsules_in_Motion_simple_compose_01k6ea6tvxf3xansn7wad96r7j_e12af40541.png","hash":"medium_20250930_1500_Cannabis_Capsules_in_Motion_simple_compose_01k6ea6tvxf3xansn7wad96r7j_e12af40541","mime":"image/png","name":"medium_20250930_1500_Cannabis Capsules in Motion_simple_compose_01k6ea6tvxf3xansn7wad96r7j.png","path":null,"size":641.15,"width":750,"height":750,"sizeInBytes":641146,"provider_metadata":{"public_id":"mintdeals/medium_20250930_1500_Cannabis_Capsules_in_Motion_simple_compose_01k6ea6tvxf3xansn7wad96r7j_e12af40541","resource_type":"image"}},"thumbnail":{"ext":".png","url":"https://res.cloudinary.com/dcltaajwj/image/upload/v1759852070/mintdeals/thumbnail_20250930_1500_Cannabis_Capsules_in_Motion_simple_compose_01k6ea6tvxf3xansn7wad96r7j_e12af40541.png","hash":"thumbnail_20250930_1500_Cannabis_Capsules_in_Motion_simple_compose_01k6ea6tvxf3xansn7wad96r7j_e12af40541","mime":"image/png","name":"thumbnail_20250930_1500_Cannabis Capsules in Motion_simple_compose_01k6ea6tvxf3xansn7wad96r7j.png","path":null,"size":30.81,"width":156,"height":156,"sizeInBytes":30805,"provider_metadata":{"public_id":"mintdeals/thumbnail_20250930_1500_Cannabis_Capsules_in_Motion_simple_compose_01k6ea6tvxf3xansn7wad96r7j_e12af40541","resource_type":"image"}}},"hash":"20250930_1500_Cannabis_Capsules_in_Motion_simple_compose_01k6ea6tvxf3xansn7wad96r7j_e12af40541","ext":".png","mime":"image/png","size":349.83,"url":"https://res.cloudinary.com/dcltaajwj/image/upload/v1759852070/mintdeals/20250930_1500_Cannabis_Capsules_in_Motion_simple_compose_01k6ea6tvxf3xansn7wad96r7j_e12af40541.png","previewUrl":null,"provider":"cloudinary","provider_metadata":{"public_id":"mintdeals/20250930_1500_Cannabis_Capsules_in_Motion_simple_compose_01k6ea6tvxf3xansn7wad96r7j_e12af40541","resource_type":"image"},"createdAt":"2025-10-07T15:47:51.424Z","updatedAt":"2025-10-07T15:47:51.424Z","publishedAt":"2025-10-07T15:47:51.424Z"}
Category: Tinctures, Image URL: null, Raw image field: null
Category: Topicals, Image URL: null, Raw image field: null
Category: Flower, Image URL: https://res.cloudinary.com/dcltaajwj/image/upload/v1759532498/mintdeals/large_20250930_1524_Floating_Cannabis_Blossoms_simple_compose_01k6ebk5p8fxqbn44jgtfy0mhg_73ce40d66f.png, Raw image field: {"id":4,"documentId":"oqrnyvwpc1ff0prghlt28fpg","name":"20250930_1524_Floating Cannabis Blossoms_simple_compose_01k6ebk5p8fxqbn44jgtfy0mhg.png","alternativeText":null,"caption":null,"width":1024,"height":1024,"formats":{"large":{"ext":".png","url":"https://res.cloudinary.com/dcltaajwj/image/upload/v1759532498/mintdeals/large_20250930_1524_Floating_Cannabis_Blossoms_simple_compose_01k6ebk5p8fxqbn44jgtfy0mhg_73ce40d66f.png","hash":"large_20250930_1524_Floating_Cannabis_Blossoms_simple_compose_01k6ebk5p8fxqbn44jgtfy0mhg_73ce40d66f","mime":"image/png","name":"large_20250930_1524_Floating Cannabis Blossoms_simple_compose_01k6ebk5p8fxqbn44jgtfy0mhg.png","path":null,"size":1996.4,"width":1000,"height":1000,"sizeInBytes":1996395,"provider_metadata":{"public_id":"mintdeals/large_20250930_1524_Floating_Cannabis_Blossoms_simple_compose_01k6ebk5p8fxqbn44jgtfy0mhg_73ce40d66f","resource_type":"image"}},"small":{"ext":".png","url":"https://res.cloudinary.com/dcltaajwj/image/upload/v1759532498/mintdeals/small_20250930_1524_Floating_Cannabis_Blossoms_simple_compose_01k6ebk5p8fxqbn44jgtfy0mhg_73ce40d66f.png","hash":"small_20250930_1524_Floating_Cannabis_Blossoms_simple_compose_01k6ebk5p8fxqbn44jgtfy0mhg_73ce40d66f","mime":"image/png","name":"small_20250930_1524_Floating Cannabis Blossoms_simple_compose_01k6ebk5p8fxqbn44jgtfy0mhg.png","path":null,"size":475.86,"width":500,"height":500,"sizeInBytes":475856,"provider_metadata":{"public_id":"mintdeals/small_20250930_1524_Floating_Cannabis_Blossoms_simple_compose_01k6ebk5p8fxqbn44jgtfy0mhg_73ce40d66f","resource_type":"image"}},"medium":{"ext":".png","url":"https://res.cloudinary.com/dcltaajwj/image/upload/v1759532498/mintdeals/medium_20250930_1524_Floating_Cannabis_Blossoms_simple_compose_01k6ebk5p8fxqbn44jgtfy0mhg_73ce40d66f.png","hash":"medium_20250930_1524_Floating_Cannabis_Blossoms_simple_compose_01k6ebk5p8fxqbn44jgtfy0mhg_73ce40d66f","mime":"image/png","name":"medium_20250930_1524_Floating Cannabis Blossoms_simple_compose_01k6ebk5p8fxqbn44jgtfy0mhg.png","path":null,"size":1113.79,"width":750,"height":750,"sizeInBytes":1113793,"provider_metadata":{"public_id":"mintdeals/medium_20250930_1524_Floating_Cannabis_Blossoms_simple_compose_01k6ebk5p8fxqbn44jgtfy0mhg_73ce40d66f","resource_type":"image"}},"thumbnail":{"ext":".png","url":"https://res.cloudinary.com/dcltaajwj/image/upload/v1759532497/mintdeals/thumbnail_20250930_1524_Floating_Cannabis_Blossoms_simple_compose_01k6ebk5p8fxqbn44jgtfy0mhg_73ce40d66f.png","hash":"thumbnail_20250930_1524_Floating_Cannabis_Blossoms_simple_compose_01k6ebk5p8fxqbn44jgtfy0mhg_73ce40d66f","mime":"image/png","name":"thumbnail_20250930_1524_Floating Cannabis Blossoms_simple_compose_01k6ebk5p8fxqbn44jgtfy0mhg.png","path":null,"size":46.03,"width":156,"height":156,"sizeInBytes":46029,"provider_metadata":{"public_id":"mintdeals/thumbnail_20250930_1524_Floating_Cannabis_Blossoms_simple_compose_01k6ebk5p8fxqbn44jgtfy0mhg_73ce40d66f","resource_type":"image"}}},"hash":"20250930_1524_Floating_Cannabis_Blossoms_simple_compose_01k6ebk5p8fxqbn44jgtfy0mhg_73ce40d66f","ext":".png","mime":"image/png","size":825.78,"url":"https://res.cloudinary.com/dcltaajwj/image/upload/v1759532498/mintdeals/20250930_1524_Floating_Cannabis_Blossoms_simple_compose_01k6ebk5p8fxqbn44jgtfy0mhg_73ce40d66f.png","previewUrl":null,"provider":"cloudinary","provider_metadata":{"public_id":"mintdeals/20250930_1524_Floating_Cannabis_Blossoms_simple_compose_01k6ebk5p8fxqbn44jgtfy0mhg_73ce40d66f","resource_type":"image"},"createdAt":"2025-10-03T23:01:38.880Z","updatedAt":"2025-10-07T07:59:16.144Z","publishedAt":"2025-10-03T23:01:38.881Z"}
Category: THC Vapes and Cartridges, Image URL: https://res.cloudinary.com/dcltaajwj/image/upload/v1759852807/mintdeals/large_20250930_1540_Dynamic_Vapes_in_Motion_simple_compose_01k6ecfzj8e53btz0fvjxc3qnm_32c4c44319.png, Raw image field: {"id":7,"documentId":"e6d3s8wbgi9vj0hnbkvljchc","name":"20250930_1540_Dynamic Vapes in Motion_simple_compose_01k6ecfzj8e53btz0fvjxc3qnm.png","alternativeText":null,"caption":null,"width":1024,"height":1024,"formats":{"large":{"ext":".png","url":"https://res.cloudinary.com/dcltaajwj/image/upload/v1759852807/mintdeals/large_20250930_1540_Dynamic_Vapes_in_Motion_simple_compose_01k6ecfzj8e53btz0fvjxc3qnm_32c4c44319.png","hash":"large_20250930_1540_Dynamic_Vapes_in_Motion_simple_compose_01k6ecfzj8e53btz0fvjxc3qnm_32c4c44319","mime":"image/png","name":"large_20250930_1540_Dynamic Vapes in Motion_simple_compose_01k6ecfzj8e53btz0fvjxc3qnm.png","path":null,"size":1467.98,"width":1000,"height":1000,"sizeInBytes":1467980,"provider_metadata":{"public_id":"mintdeals/large_20250930_1540_Dynamic_Vapes_in_Motion_simple_compose_01k6ecfzj8e53btz0fvjxc3qnm_32c4c44319","resource_type":"image"}},"small":{"ext":".png","url":"https://res.cloudinary.com/dcltaajwj/image/upload/v1759852806/mintdeals/small_20250930_1540_Dynamic_Vapes_in_Motion_simple_compose_01k6ecfzj8e53btz0fvjxc3qnm_32c4c44319.png","hash":"small_20250930_1540_Dynamic_Vapes_in_Motion_simple_compose_01k6ecfzj8e53btz0fvjxc3qnm_32c4c44319","mime":"image/png","name":"small_20250930_1540_Dynamic Vapes in Motion_simple_compose_01k6ecfzj8e53btz0fvjxc3qnm.png","path":null,"size":356.55,"width":500,"height":500,"sizeInBytes":356545,"provider_metadata":{"public_id":"mintdeals/small_20250930_1540_Dynamic_Vapes_in_Motion_simple_compose_01k6ecfzj8e53btz0fvjxc3qnm_32c4c44319","resource_type":"image"}},"medium":{"ext":".png","url":"https://res.cloudinary.com/dcltaajwj/image/upload/v1759852807/mintdeals/medium_20250930_1540_Dynamic_Vapes_in_Motion_simple_compose_01k6ecfzj8e53btz0fvjxc3qnm_32c4c44319.png","hash":"medium_20250930_1540_Dynamic_Vapes_in_Motion_simple_compose_01k6ecfzj8e53btz0fvjxc3qnm_32c4c44319","mime":"image/png","name":"medium_20250930_1540_Dynamic Vapes in Motion_simple_compose_01k6ecfzj8e53btz0fvjxc3qnm.png","path":null,"size":848.69,"width":750,"height":750,"sizeInBytes":848692,"provider_metadata":{"public_id":"mintdeals/medium_20250930_1540_Dynamic_Vapes_in_Motion_simple_compose_01k6ecfzj8e53btz0fvjxc3qnm_32c4c44319","resource_type":"image"}},"thumbnail":{"ext":".png","url":"https://res.cloudinary.com/dcltaajwj/image/upload/v1759852806/mintdeals/thumbnail_20250930_1540_Dynamic_Vapes_in_Motion_simple_compose_01k6ecfzj8e53btz0fvjxc3qnm_32c4c44319.png","hash":"thumbnail_20250930_1540_Dynamic_Vapes_in_Motion_simple_compose_01k6ecfzj8e53btz0fvjxc3qnm_32c4c44319","mime":"image/png","name":"thumbnail_20250930_1540_Dynamic Vapes in Motion_simple_compose_01k6ecfzj8e53btz0fvjxc3qnm.png","path":null,"size":37.45,"width":156,"height":156,"sizeInBytes":37449,"provider_metadata":{"public_id":"mintdeals/thumbnail_20250930_1540_Dynamic_Vapes_in_Motion_simple_compose_01k6ecfzj8e53btz0fvjxc3qnm_32c4c44319","resource_type":"image"}}},"hash":"20250930_1540_Dynamic_Vapes_in_Motion_simple_compose_01k6ecfzj8e53btz0fvjxc3qnm_32c4c44319","ext":".png","mime":"image/png","size":576.74,"url":"https://res.cloudinary.com/dcltaajwj/image/upload/v1759852806/mintdeals/20250930_1540_Dynamic_Vapes_in_Motion_simple_compose_01k6ecfzj8e53btz0fvjxc3qnm_32c4c44319.png","previewUrl":null,"provider":"cloudinary","provider_metadata":{"public_id":"mintdeals/20250930_1540_Dynamic_Vapes_in_Motion_simple_compose_01k6ecfzj8e53btz0fvjxc3qnm_32c4c44319","resource_type":"image"},"createdAt":"2025-10-07T16:00:08.288Z","updatedAt":"2025-10-07T16:00:08.288Z","publishedAt":"2025-10-07T16:00:08.288Z"}
Category: Cannabis Concentrates, Image URL: https://res.cloudinary.com/dcltaajwj/image/upload/v1759853243/mintdeals/large_20250930_1513_Cannabis_Concentrates_in_Motion_simple_compose_01k6eayfs1fgnrcqwhwy5fkppv_73ab53e771.png, Raw image field: {"id":8,"documentId":"sfl1l5y3k9dwzfc70qocnfwj","name":"20250930_1513_Cannabis Concentrates in Motion_simple_compose_01k6eayfs1fgnrcqwhwy5fkppv.png","alternativeText":null,"caption":null,"width":1024,"height":1024,"formats":{"large":{"ext":".png","url":"https://res.cloudinary.com/dcltaajwj/image/upload/v1759853243/mintdeals/large_20250930_1513_Cannabis_Concentrates_in_Motion_simple_compose_01k6eayfs1fgnrcqwhwy5fkppv_73ab53e771.png","hash":"large_20250930_1513_Cannabis_Concentrates_in_Motion_simple_compose_01k6eayfs1fgnrcqwhwy5fkppv_73ab53e771","mime":"image/png","name":"large_20250930_1513_Cannabis Concentrates in Motion_simple_compose_01k6eayfs1fgnrcqwhwy5fkppv.png","path":null,"size":1777.77,"width":1000,"height":1000,"sizeInBytes":1777774,"provider_metadata":{"public_id":"mintdeals/large_20250930_1513_Cannabis_Concentrates_in_Motion_simple_compose_01k6eayfs1fgnrcqwhwy5fkppv_73ab53e771","resource_type":"image"}},"small":{"ext":".png","url":"https://res.cloudinary.com/dcltaajwj/image/upload/v1759853243/mintdeals/small_20250930_1513_Cannabis_Concentrates_in_Motion_simple_compose_01k6eayfs1fgnrcqwhwy5fkppv_73ab53e771.png","hash":"small_20250930_1513_Cannabis_Concentrates_in_Motion_simple_compose_01k6eayfs1fgnrcqwhwy5fkppv_73ab53e771","mime":"image/png","name":"small_20250930_1513_Cannabis Concentrates in Motion_simple_compose_01k6eayfs1fgnrcqwhwy5fkppv.png","path":null,"size":421.7,"width":500,"height":500,"sizeInBytes":421703,"provider_metadata":{"public_id":"mintdeals/small_20250930_1513_Cannabis_Concentrates_in_Motion_simple_compose_01k6eayfs1fgnrcqwhwy5fkppv_73ab53e771","resource_type":"image"}},"medium":{"ext":".png","url":"https://res.cloudinary.com/dcltaajwj/image/upload/v1759853243/mintdeals/medium_20250930_1513_Cannabis_Concentrates_in_Motion_simple_compose_01k6eayfs1fgnrcqwhwy5fkppv_73ab53e771.png","hash":"medium_20250930_1513_Cannabis_Concentrates_in_Motion_simple_compose_01k6eayfs1fgnrcqwhwy5fkppv_73ab53e771","mime":"image/png","name":"medium_20250930_1513_Cannabis Concentrates in Motion_simple_compose_01k6eayfs1fgnrcqwhwy5fkppv.png","path":null,"size":993.01,"width":750,"height":750,"sizeInBytes":993013,"provider_metadata":{"public_id":"mintdeals/medium_20250930_1513_Cannabis_Concentrates_in_Motion_simple_compose_01k6eayfs1fgnrcqwhwy5fkppv_73ab53e771","resource_type":"image"}},"thumbnail":{"ext":".png","url":"https://res.cloudinary.com/dcltaajwj/image/upload/v1759853243/mintdeals/thumbnail_20250930_1513_Cannabis_Concentrates_in_Motion_simple_compose_01k6eayfs1fgnrcqwhwy5fkppv_73ab53e771.png","hash":"thumbnail_20250930_1513_Cannabis_Concentrates_in_Motion_simple_compose_01k6eayfs1fgnrcqwhwy5fkppv_73ab53e771","mime":"image/png","name":"thumbnail_20250930_1513_Cannabis Concentrates in Motion_simple_compose_01k6eayfs1fgnrcqwhwy5fkppv.png","path":null,"size":40.44,"width":156,"height":156,"sizeInBytes":40444,"provider_metadata":{"public_id":"mintdeals/thumbnail_20250930_1513_Cannabis_Concentrates_in_Motion_simple_compose_01k6eayfs1fgnrcqwhwy5fkppv_73ab53e771","resource_type":"image"}}},"hash":"20250930_1513_Cannabis_Concentrates_in_Motion_simple_compose_01k6eayfs1fgnrcqwhwy5fkppv_73ab53e771","ext":".png","mime":"image/png","size":762.55,"url":"https://res.cloudinary.com/dcltaajwj/image/upload/v1759853243/mintdeals/20250930_1513_Cannabis_Concentrates_in_Motion_simple_compose_01k6eayfs1fgnrcqwhwy5fkppv_73ab53e771.png","previewUrl":null,"provider":"cloudinary","provider_metadata":{"public_id":"mintdeals/20250930_1513_Cannabis_Concentrates_in_Motion_simple_compose_01k6eayfs1fgnrcqwhwy5fkppv_73ab53e771","resource_type":"image"},"createdAt":"2025-10-07T16:07:24.224Z","updatedAt":"2025-10-07T16:07:24.224Z","publishedAt":"2025-10-07T16:07:24.224Z"}
Category: Sativa, Image URL: https://res.cloudinary.com/dcltaajwj/image/upload/v1759854235/mintdeals/large_20250930_1524_Floating_Cannabis_Nugs_simple_compose_01k6ebjgj4f1pstdnmhf01w3wx_f30267acd8.png, Raw image field: {"id":10,"documentId":"epzi3r8tnuvzuw74rkxe7o01","name":"20250930_1524_Floating Cannabis Nugs_simple_compose_01k6ebjgj4f1pstdnmhf01w3wx.png","alternativeText":null,"caption":null,"width":1024,"height":1024,"formats":{"large":{"ext":".png","url":"https://res.cloudinary.com/dcltaajwj/image/upload/v1759854235/mintdeals/large_20250930_1524_Floating_Cannabis_Nugs_simple_compose_01k6ebjgj4f1pstdnmhf01w3wx_f30267acd8.png","hash":"large_20250930_1524_Floating_Cannabis_Nugs_simple_compose_01k6ebjgj4f1pstdnmhf01w3wx_f30267acd8","mime":"image/png","name":"large_20250930_1524_Floating Cannabis Nugs_simple_compose_01k6ebjgj4f1pstdnmhf01w3wx.png","path":null,"size":2002.71,"width":1000,"height":1000,"sizeInBytes":2002714,"provider_metadata":{"public_id":"mintdeals/large_20250930_1524_Floating_Cannabis_Nugs_simple_compose_01k6ebjgj4f1pstdnmhf01w3wx_f30267acd8","resource_type":"image"}},"small":{"ext":".png","url":"https://res.cloudinary.com/dcltaajwj/image/upload/v1759854234/mintdeals/small_20250930_1524_Floating_Cannabis_Nugs_simple_compose_01k6ebjgj4f1pstdnmhf01w3wx_f30267acd8.png","hash":"small_20250930_1524_Floating_Cannabis_Nugs_simple_compose_01k6ebjgj4f1pstdnmhf01w3wx_f30267acd8","mime":"image/png","name":"small_20250930_1524_Floating Cannabis Nugs_simple_compose_01k6ebjgj4f1pstdnmhf01w3wx.png","path":null,"size":479.6,"width":500,"height":500,"sizeInBytes":479603,"provider_metadata":{"public_id":"mintdeals/small_20250930_1524_Floating_Cannabis_Nugs_simple_compose_01k6ebjgj4f1pstdnmhf01w3wx_f30267acd8","resource_type":"image"}},"medium":{"ext":".png","url":"https://res.cloudinary.com/dcltaajwj/image/upload/v1759854234/mintdeals/medium_20250930_1524_Floating_Cannabis_Nugs_simple_compose_01k6ebjgj4f1pstdnmhf01w3wx_f30267acd8.png","hash":"medium_20250930_1524_Floating_Cannabis_Nugs_simple_compose_01k6ebjgj4f1pstdnmhf01w3wx_f30267acd8","mime":"image/png","name":"medium_20250930_1524_Floating Cannabis Nugs_simple_compose_01k6ebjgj4f1pstdnmhf01w3wx.png","path":null,"size":1122.3,"width":750,"height":750,"sizeInBytes":1122295,"provider_metadata":{"public_id":"mintdeals/medium_20250930_1524_Floating_Cannabis_Nugs_simple_compose_01k6ebjgj4f1pstdnmhf01w3wx_f30267acd8","resource_type":"image"}},"thumbnail":{"ext":".png","url":"https://res.cloudinary.com/dcltaajwj/image/upload/v1759854234/mintdeals/thumbnail_20250930_1524_Floating_Cannabis_Nugs_simple_compose_01k6ebjgj4f1pstdnmhf01w3wx_f30267acd8.png","hash":"thumbnail_20250930_1524_Floating_Cannabis_Nugs_simple_compose_01k6ebjgj4f1pstdnmhf01w3wx_f30267acd8","mime":"image/png","name":"thumbnail_20250930_1524_Floating Cannabis Nugs_simple_compose_01k6ebjgj4f1pstdnmhf01w3wx.png","path":null,"size":46.22,"width":156,"height":156,"sizeInBytes":46217,"provider_metadata":{"public_id":"mintdeals/thumbnail_20250930_1524_Floating_Cannabis_Nugs_simple_compose_01k6ebjgj4f1pstdnmhf01w3wx_f30267acd8","resource_type":"image"}}},"hash":"20250930_1524_Floating_Cannabis_Nugs_simple_compose_01k6ebjgj4f1pstdnmhf01w3wx_f30267acd8","ext":".png","mime":"image/png","size":837.12,"url":"https://res.cloudinary.com/dcltaajwj/image/upload/v1759854234/mintdeals/20250930_1524_Floating_Cannabis_Nugs_simple_compose_01k6ebjgj4f1pstdnmhf01w3wx_f30267acd8.png","previewUrl":null,"provider":"cloudinary","provider_metadata":{"public_id":"mintdeals/20250930_1524_Floating_Cannabis_Nugs_simple_compose_01k6ebjgj4f1pstdnmhf01w3wx_f30267acd8","resource_type":"image"},"createdAt":"2025-10-07T16:23:55.583Z","updatedAt":"2025-10-07T16:23:55.583Z","publishedAt":"2025-10-07T16:23:55.583Z"}
Category: Indica, Image URL: https://res.cloudinary.com/dcltaajwj/image/upload/v1759856135/mintdeals/thumbnail_download_1_47f4a184be.jpg, Raw image field: {"id":11,"documentId":"vjwztrws1dij27n1m902equs","name":"download (1).jpg","alternativeText":null,"caption":null,"width":275,"height":183,"formats":{"thumbnail":{"ext":".jpg","url":"https://res.cloudinary.com/dcltaajwj/image/upload/v1759856135/mintdeals/thumbnail_download_1_47f4a184be.jpg","hash":"thumbnail_download_1_47f4a184be","mime":"image/jpeg","name":"thumbnail_download (1).jpg","path":null,"size":8.85,"width":234,"height":156,"sizeInBytes":8854,"provider_metadata":{"public_id":"mintdeals/thumbnail_download_1_47f4a184be","resource_type":"image"}}},"hash":"download_1_47f4a184be","ext":".jpg","mime":"image/jpeg","size":11.06,"url":"https://res.cloudinary.com/dcltaajwj/image/upload/v1759856135/mintdeals/download_1_47f4a184be.jpg","previewUrl":null,"provider":"cloudinary","provider_metadata":{"public_id":"mintdeals/download_1_47f4a184be","resource_type":"image"},"createdAt":"2025-10-07T16:55:35.695Z","updatedAt":"2025-10-07T16:55:35.695Z","publishedAt":"2025-10-07T16:55:35.696Z"}
Category: Cannabis Hybrid, Image URL: https://res.cloudinary.com/dcltaajwj/image/upload/v1759857089/mintdeals/thumbnail_download_2_c088715109.jpg, Raw image field: {"id":12,"documentId":"gg9k06y0vad7wpu0bwcxbheb","name":"download (2).jpg","alternativeText":null,"caption":null,"width":275,"height":183,"formats":{"thumbnail":{"ext":".jpg","url":"https://res.cloudinary.com/dcltaajwj/image/upload/v1759857089/mintdeals/thumbnail_download_2_c088715109.jpg","hash":"thumbnail_download_2_c088715109","mime":"image/jpeg","name":"thumbnail_download (2).jpg","path":null,"size":13.88,"width":234,"height":156,"sizeInBytes":13876,"provider_metadata":{"public_id":"mintdeals/thumbnail_download_2_c088715109","resource_type":"image"}}},"hash":"download_2_c088715109","ext":".jpg","mime":"image/jpeg","size":17.37,"url":"https://res.cloudinary.com/dcltaajwj/image/upload/v1759857089/mintdeals/download_2_c088715109.jpg","previewUrl":null,"provider":"cloudinary","provider_metadata":{"public_id":"mintdeals/download_2_c088715109","resource_type":"image"},"createdAt":"2025-10-07T17:11:30.059Z","updatedAt":"2025-10-07T17:11:30.059Z","publishedAt":"2025-10-07T17:11:30.059Z"}
âœ… Categories loaded: 10
 (+1.09s) 
10:21:20 âœ“ Completed in 86.89s.

10:21:20 [build] Rearranging server assets...
10:21:20 [build] Server built in 135.46s
10:21:20 [build] Complete!
